============================= test session starts ==============================
platform linux -- Python 3.12.12, pytest-9.0.2, pluggy-1.6.0
rootdir: /app
configfile: pytest.ini
plugins: anyio-3.7.1, asyncio-1.3.0
asyncio: mode=Mode.AUTO, debug=False, asyncio_default_fixture_loop_scope=session, asyncio_default_test_loop_scope=function
collected 4 items

backend/tests/test_auth.py ....                                          [100%]

=============================== warnings summary ===============================
../home/jules/.pyenv/versions/3.12.12/lib/python3.12/site-packages/pydantic/_internal/_config.py:268
  /home/jules/.pyenv/versions/3.12.12/lib/python3.12/site-packages/pydantic/_internal/_config.py:268: PydanticDeprecatedSince20: Support for class-based `config` is deprecated, use ConfigDict instead. Deprecated in Pydantic V2.0 to be removed in V3.0. See Pydantic V2 Migration Guide at https://errors.pydantic.dev/2.5/migration/
    warnings.warn(DEPRECATION_MESSAGE, DeprecationWarning)

../home/jules/.pyenv/versions/3.12.12/lib/python3.12/site-packages/passlib/utils/__init__.py:854
  /home/jules/.pyenv/versions/3.12.12/lib/python3.12/site-packages/passlib/utils/__init__.py:854: DeprecationWarning: 'crypt' is deprecated and slated for removal in Python 3.13
    from crypt import crypt as _crypt

backend/tests/test_auth.py::test_rbac_permission_allowed
backend/tests/test_auth.py::test_rbac_permission_denied
  /home/jules/.pyenv/versions/3.12.12/lib/python3.12/site-packages/jose/jwt.py:311: DeprecationWarning: datetime.datetime.utcnow() is deprecated and scheduled for removal in a future version. Use timezone-aware objects to represent datetimes in UTC: datetime.datetime.now(datetime.UTC).
    now = timegm(datetime.utcnow().utctimetuple())

-- Docs: https://docs.pytest.org/en/stable/how-to/capture-warnings.html
======================== 4 passed, 4 warnings in 2.76s =========================
